 original

 Timestamp is 6a1dd745 (Mon Jun 01 21:02:29 2026)

 Preferred load address is 00400000

 Start         Length     Name                   Class
 0001:00000000 00002da8H .text                   CODE
 0002:00000000 00000337H .rdata                  DATA
 0002:00000337 00000000H .edata                  DATA
 0003:00000000 00000004H .CRT$XCA                DATA
 0003:00000004 00000004H .CRT$XCZ                DATA
 0003:00000008 00000004H .CRT$XIA                DATA
 0003:0000000c 00000004H .CRT$XIC                DATA
 0003:00000010 00000004H .CRT$XIZ                DATA
 0003:00000014 00000004H .CRT$XPA                DATA
 0003:00000018 00000004H .CRT$XPX                DATA
 0003:0000001c 00000004H .CRT$XPZ                DATA
 0003:00000020 00000004H .CRT$XTA                DATA
 0003:00000024 00000004H .CRT$XTZ                DATA
 0003:00000030 00001100H .data                   DATA
 0003:00001130 00001294H .bss                    DATA
 0004:00000000 00000014H .idata$2                DATA
 0004:00000014 00000014H .idata$3                DATA
 0004:00000028 000000b0H .idata$4                DATA
 0004:000000d8 000000b0H .idata$5                DATA
 0004:00000188 00000308H .idata$6                DATA

  Address         Publics by Value              Rva+Base   Lib:Object

 0001:00000000       ?score@ScoreTable@@QBEHH@Z 00401000 f original.obj
 0001:00000038       ?tick@Reactor@@QAEHH@Z     00401038 f original.obj
 0001:00000075       ?canOpen@Door@@QBEHH@Z     00401075 f original.obj
 0001:000000bf       ?severity@LessonLog@@QBEHH@Z 004010bf f original.obj
 0001:00000105       ?boundary_after_reconstructed@@YAHH@Z 00401105 f original.obj
 0001:00000119       _main                      00401119 f original.obj
 0001:000001a0       ??0ScoreTable@@QAE@H@Z     004011a0 f original.obj
 0001:000001d0       ??0Reactor@@QAE@H@Z        004011d0 f original.obj
 0001:00000200       ??0Door@@QAE@H@Z           00401200 f original.obj
 0001:00000230       ??0LessonLog@@QAE@H@Z      00401230 f original.obj
 0001:00000260       _mainCRTStartup            00401260 f LIBCMT:crt0.obj
 0001:000003a0       __amsg_exit                004013a0 f LIBCMT:crt0.obj
 0001:000003d0       __cinit                    004013d0 f LIBCMT:crt0dat.obj
 0001:00000400       _exit                      00401400 f LIBCMT:crt0dat.obj
 0001:00000420       __exit                     00401420 f LIBCMT:crt0dat.obj
 0001:00000500       __lockexit                 00401500 f LIBCMT:crt0dat.obj
 0001:00000510       __unlockexit               00401510 f LIBCMT:crt0dat.obj
 0001:00000540       __global_unwind2           00401540 f LIBCMT:exsup.obj
 0001:00000582       __local_unwind2            00401582 f LIBCMT:exsup.obj
 0001:000005da       __NLG_Return2              004015da   LIBCMT:exsup.obj
 0001:000005ea       __abnormal_termination     004015ea f LIBCMT:exsup.obj
 0001:0000060d       __NLG_Notify1              0040160d f LIBCMT:exsup.obj
 0001:00000616       __NLG_Notify               00401616 f LIBCMT:exsup.obj
 0001:00000629       __NLG_Dispatch             00401629   LIBCMT:exsup.obj
 0001:00000630       __XcptFilter               00401630 f LIBCMT:winxfltr.obj
 0001:000007b0       __setenvp                  004017b0 f LIBCMT:stdenvp.obj
 0001:000008a0       __setargv                  004018a0 f LIBCMT:stdargv.obj
 0001:00000b10       ___crtGetEnvironmentStringsA 00401b10 f LIBCMT:aw_env.obj
 0001:00000ca0       __setmbcp                  00401ca0 f LIBCMT:mbctype.obj
 0001:00000fb0       ___initmbctable            00401fb0 f LIBCMT:mbctype.obj
 0001:00000fc0       __ioinit                   00401fc0 f LIBCMT:ioinit.obj
 0001:000011a0       __mtinit                   004021a0 f LIBCMT:tidtable.obj
 0001:00001200       __initptd                  00402200 f LIBCMT:tidtable.obj
 0001:00001220       __getptd                   00402220 f LIBCMT:tidtable.obj
 0001:00001290       __heap_init                00402290 f LIBCMT:heapinit.obj
 0001:000012d4       __except_handler3          004022d4 f LIBCMT:exsup3.obj
 0001:00001391       __seh_longjmp_unwind@4     00402391 f LIBCMT:exsup3.obj
 0001:000013b0       __FF_MSGBANNER             004023b0 f LIBCMT:crt0msg.obj
 0001:000013f0       __NMSG_WRITE               004023f0 f LIBCMT:crt0msg.obj
 0001:000015f0       __mtinitlocks              004025f0 f LIBCMT:mlock.obj
 0001:00001620       __lock                     00402620 f LIBCMT:mlock.obj
 0001:00001690       __unlock                   00402690 f LIBCMT:mlock.obj
 0001:000016b0       __lock_file                004026b0 f LIBCMT:mlock.obj
 0001:000016f0       __lock_file2               004026f0 f LIBCMT:mlock.obj
 0001:00001720       __unlock_file              00402720 f LIBCMT:mlock.obj
 0001:00001760       __unlock_file2             00402760 f LIBCMT:mlock.obj
 0001:00001790       _free                      00402790 f LIBCMT:free.obj
 0001:00001800       _malloc                    00402800 f LIBCMT:malloc.obj
 0001:00001820       __nh_malloc                00402820 f LIBCMT:malloc.obj
 0001:00001870       __heap_alloc               00402870 f LIBCMT:malloc.obj
 0001:000018d0       _calloc                    004028d0 f LIBCMT:calloc.obj
 0001:00001980       ___sbh_new_region          00402980 f LIBCMT:sbheap.obj
 0001:00001af0       ___sbh_release_region      00402af0 f LIBCMT:sbheap.obj
 0001:00001b50       ___sbh_decommit_pages      00402b50 f LIBCMT:sbheap.obj
 0001:00001c30       ___sbh_find_block          00402c30 f LIBCMT:sbheap.obj
 0001:00001c90       ___sbh_free_block          00402c90 f LIBCMT:sbheap.obj
 0001:00001ce0       ___sbh_alloc_block         00402ce0 f LIBCMT:sbheap.obj
 0001:00001f60       ___sbh_alloc_block_from_page 00402f60 f LIBCMT:sbheap.obj
 0001:000020e0       ___crtMessageBoxA          004030e0 f LIBCMT:crtmbox.obj
 0001:00002180       _strncpy                   00403180 f LIBCMT:strncpy.obj
 0001:00002280       ___initstdio               00403280 f LIBCMT:_file.obj
 0001:00002350       ___endstdio                00403350 f LIBCMT:_file.obj
 0001:00002370       __callnewh                 00403370 f LIBCMT:handler.obj
 0001:000023b0       __fcloseall                004033b0 f LIBCMT:closeall.obj
 0001:00002450       __fflush_lk                00403450 f LIBCMT:fflush.obj
 0001:00002490       __flush                    00403490 f LIBCMT:fflush.obj
 0001:00002500       __flushall                 00403500 f LIBCMT:fflush.obj
 0001:000025e0       _fclose                    004035e0 f LIBCMT:fclose.obj
 0001:00002620       __fclose_lk                00403620 f LIBCMT:fclose.obj
 0001:00002680       __commit                   00403680 f LIBCMT:commit.obj
 0001:00002730       __write                    00403730 f LIBCMT:write.obj
 0001:000027b0       __write_lk                 004037b0 f LIBCMT:write.obj
 0001:000029b0       __close                    004039b0 f LIBCMT:close.obj
 0001:00002a20       __close_lk                 00403a20 f LIBCMT:close.obj
 0001:00002ab0       __freebuf                  00403ab0 f LIBCMT:_freebuf.obj
 0001:00002af0       __dosmaperr                00403af0 f LIBCMT:dosmap.obj
 0001:00002b70       __errno                    00403b70 f LIBCMT:dosmap.obj
 0001:00002b80       ___doserrno                00403b80 f LIBCMT:dosmap.obj
 0001:00002b90       __free_osfhnd              00403b90 f LIBCMT:osfinfo.obj
 0001:00002c30       __get_osfhandle            00403c30 f LIBCMT:osfinfo.obj
 0001:00002c80       __lock_fhandle             00403c80 f LIBCMT:osfinfo.obj
 0001:00002cf0       __unlock_fhandle           00403cf0 f LIBCMT:osfinfo.obj
 0001:00002d20       __lseek_lk                 00403d20 f LIBCMT:lseek.obj
 0001:00002da2       _RtlUnwind@16              00403da2 f kernel32:KERNEL32.dll
 0002:0000000c       ??_C@_0P@GGKG@runtime?5error?5?$AA@ 0040400c   LIBCMT:crt0msg.obj
 0002:0000001c       ??_C@_02PIMC@?$AN?6?$AA@   0040401c   LIBCMT:crt0msg.obj
 0002:00000020       ??_C@_0O@DELO@TLOSS?5error?$AN?6?$AA@ 00404020   LIBCMT:crt0msg.obj
 0002:00000030       ??_C@_0N@OMLL@SING?5error?$AN?6?$AA@ 00404030   LIBCMT:crt0msg.obj
 0002:00000040       ??_C@_0P@OJAK@DOMAIN?5error?$AN?6?$AA@ 00404040   LIBCMT:crt0msg.obj
 0002:00000050       ??_C@_0CF@EANP@R6028?$AN?6?9?5unable?5to?5initialize?5he@ 00404050   LIBCMT:crt0msg.obj
 0002:00000078       ??_C@_0DF@ECGN@R6027?$AN?6?9?5not?5enough?5space?5for?5lo@ 00404078   LIBCMT:crt0msg.obj
 0002:000000b0       ??_C@_0DF@FKAC@R6026?$AN?6?9?5not?5enough?5space?5for?5st@ 004040b0   LIBCMT:crt0msg.obj
 0002:000000e8       ??_C@_0CG@DPMN@R6025?$AN?6?9?5pure?5virtual?5function?5c@ 004040e8   LIBCMT:crt0msg.obj
 0002:00000110       ??_C@_0DF@CKIP@R6024?$AN?6?9?5not?5enough?5space?5for?5_o@ 00404110   LIBCMT:crt0msg.obj
 0002:00000148       ??_C@_0CJ@GGOE@R6019?$AN?6?9?5unable?5to?5open?5console?5@ 00404148   LIBCMT:crt0msg.obj
 0002:00000174       ??_C@_0CB@LBOB@R6018?$AN?6?9?5unexpected?5heap?5error?$AN?6@ 00404174   LIBCMT:crt0msg.obj
 0002:00000198       ??_C@_0CN@FPEG@R6017?$AN?6?9?5unexpected?5multithread?5@ 00404198   LIBCMT:crt0msg.obj
 0002:000001c8       ??_C@_0CM@OBIC@R6016?$AN?6?9?5not?5enough?5space?5for?5th@ 004041c8   LIBCMT:crt0msg.obj
 0002:000001f4       ??_C@_0CB@HPAL@?$AN?6abnormal?5program?5termination?$AN?6@ 004041f4   LIBCMT:crt0msg.obj
 0002:00000218       ??_C@_0CM@JOOB@R6009?$AN?6?9?5not?5enough?5space?5for?5en@ 00404218   LIBCMT:crt0msg.obj
 0002:00000244       ??_C@_0CK@OIBL@R6008?$AN?6?9?5not?5enough?5space?5for?5ar@ 00404244   LIBCMT:crt0msg.obj
 0002:00000270       ??_C@_0CF@LKPB@R6002?$AN?6?9?5floating?5point?5not?5load@ 00404270   LIBCMT:crt0msg.obj
 0002:00000298       ??_C@_0CF@JPDF@Microsoft?5Visual?5C?$CL?$CL?5Runtime?5Lib@ 00404298   LIBCMT:crt0msg.obj
 0002:000002c0       ??_C@_02JJJH@?6?6?$AA@     004042c0   LIBCMT:crt0msg.obj
 0002:000002c4       ??_C@_0BK@DEOK@Runtime?5Error?$CB?6?6Program?3?5?$AA@ 004042c4   LIBCMT:crt0msg.obj
 0002:000002e0       ??_C@_03NAME@?4?4?4?$AA@   004042e0   LIBCMT:crt0msg.obj
 0002:000002e4       ??_C@_0BH@NNCD@?$DMprogram?5name?5unknown?$DO?$AA@ 004042e4   LIBCMT:crt0msg.obj
 0002:000002fc       ??_C@_0BD@NJFP@GetLastActivePopup?$AA@ 004042fc   LIBCMT:crtmbox.obj
 0002:00000310       ??_C@_0BA@GILI@GetActiveWindow?$AA@ 00404310   LIBCMT:crtmbox.obj
 0002:00000320       ??_C@_0M@PKCK@MessageBoxA?$AA@ 00404320   LIBCMT:crtmbox.obj
 0002:0000032c       ??_C@_0L@HKL@user32?4dll?$AA@ 0040432c   LIBCMT:crtmbox.obj
 0003:00000000       ___xc_a                    00405000   LIBCMT:crt0init.obj
 0003:00000004       ___xc_z                    00405004   LIBCMT:crt0init.obj
 0003:00000008       ___xi_a                    00405008   LIBCMT:crt0init.obj
 0003:00000010       ___xi_z                    00405010   LIBCMT:crt0init.obj
 0003:00000014       ___xp_a                    00405014   LIBCMT:crt0init.obj
 0003:0000001c       ___xp_z                    0040501c   LIBCMT:crt0init.obj
 0003:00000020       ___xt_a                    00405020   LIBCMT:crt0init.obj
 0003:00000024       ___xt_z                    00405024   LIBCMT:crt0init.obj
 0003:00000030       ?g_Title_00405030@@3PADA   00405030   original.obj
 0003:00000038       ?g_Bonus_00405038@@3HA     00405038   original.obj
 0003:0000003c       ?g_Threshold_0040503C@@3HA 0040503c   original.obj
 0003:00000040       ?g_Rotor_00405040@@3PAHA   00405040   original.obj
 0003:0000004c       __aenvptr                  0040504c   LIBCMT:crt0.obj
 0003:00000050       __wenvptr                  00405050   LIBCMT:crt0.obj
 0003:00000054       __aexit_rtn                00405054   LIBCMT:crt0.obj
 0003:00000058       ___error_mode              00405058   LIBCMT:crt0.obj
 0003:0000005c       ___app_type                0040505c   LIBCMT:crt0.obj
 0003:00000060       __umaskval                 00405060   LIBCMT:crt0dat.obj
 0003:00000064       __osver                    00405064   LIBCMT:crt0dat.obj
 0003:00000068       __winver                   00405068   LIBCMT:crt0dat.obj
 0003:0000006c       __winmajor                 0040506c   LIBCMT:crt0dat.obj
 0003:00000070       __winminor                 00405070   LIBCMT:crt0dat.obj
 0003:00000074       ___argc                    00405074   LIBCMT:crt0dat.obj
 0003:00000078       ___argv                    00405078   LIBCMT:crt0dat.obj
 0003:0000007c       ___wargv                   0040507c   LIBCMT:crt0dat.obj
 0003:00000080       __environ                  00405080   LIBCMT:crt0dat.obj
 0003:00000084       ___initenv                 00405084   LIBCMT:crt0dat.obj
 0003:00000088       __wenviron                 00405088   LIBCMT:crt0dat.obj
 0003:0000008c       ___winitenv                0040508c   LIBCMT:crt0dat.obj
 0003:00000090       __pgmptr                   00405090   LIBCMT:crt0dat.obj
 0003:00000094       __wpgmptr                  00405094   LIBCMT:crt0dat.obj
 0003:00000098       __exitflag                 00405098   LIBCMT:crt0dat.obj
 0003:0000009c       __C_Termination_Done       0040509c   LIBCMT:crt0dat.obj
 0003:000000a0       __C_Exit_Done              004050a0   LIBCMT:crt0dat.obj
 0003:000000a4       __NLG_Destination          004050a4   LIBCMT:exsup.obj
 0003:000000b8       __XcptActTab               004050b8   LIBCMT:winxfltr.obj
 0003:00000130       __First_FPE_Indx           00405130   LIBCMT:winxfltr.obj
 0003:00000134       __Num_FPE                  00405134   LIBCMT:winxfltr.obj
 0003:00000138       __XcptActTabSize           00405138   LIBCMT:winxfltr.obj
 0003:0000013c       __XcptActTabCount          0040513c   LIBCMT:winxfltr.obj
 0003:00000148       __mbctype                  00405148   LIBCMT:mbctype.obj
 0003:0000024c       ___mbcodepage              0040524c   LIBCMT:mbctype.obj
 0003:00000250       ___mblcid                  00405250   LIBCMT:mbctype.obj
 0003:00000258       ___mbulinfo                00405258   LIBCMT:mbctype.obj
 0003:00000360       ___badioinfo               00405360   LIBCMT:ioinit.obj
 0003:00000384       ___tlsindex                00405384   LIBCMT:tidtable.obj
 0003:00000388       __amblksiz                 00405388   LIBCMT:heapinit.obj
 0003:00000420       __adbgmsg                  00405420   LIBCMT:crt0msg.obj
 0003:00000428       __locktable                00405428   LIBCMT:mlock.obj
 0003:000004e8       ___lc_handle               004054e8   LIBCMT:nlsdata2.obj
 0003:00000500       ___lc_codepage             00405500   LIBCMT:nlsdata2.obj
 0003:00000508       ___small_block_heap        00405508   LIBCMT:sbheap.obj
 0003:00000d24       ___sbh_threshold           00405d24   LIBCMT:sbheap.obj
 0003:00000d40       __iob                      00405d40   LIBCMT:_file.obj
 0003:00000fc0       __cflush                   00405fc0   LIBCMT:_file.obj
 0003:00000fc4       __newmode                  00405fc4   LIBCMT:_newmode.obj
 0003:00001298       ?_pnhHeap@@3P6AHI@ZA       00406298   LIBCMT:handler.obj
 0003:0000129c       ___piob                    0040629c   <common>
 0003:000012a0       __bufin                    004062a0   <common>
 0003:000022a0       __nstream                  004072a0   <common>
 0003:000022a4       __crtheap                  004072a4   <common>
 0003:000022b0       ___pioinfo                 004072b0   <common>
 0003:000023b0       __nhandle                  004073b0   <common>
 0003:000023b4       ___onexitend               004073b4   <common>
 0003:000023b8       ___onexitbegin             004073b8   <common>
 0003:000023bc       __FPinit                   004073bc   <common>
 0003:000023c0       __acmdln                   004073c0   <common>
 0004:00000000       __IMPORT_DESCRIPTOR_KERNEL32 00408000   kernel32:KERNEL32.dll
 0004:00000014       __NULL_IMPORT_DESCRIPTOR   00408014   kernel32:KERNEL32.dll
 0004:000000d8       __imp__TlsAlloc@0          004080d8   kernel32:KERNEL32.dll
 0004:000000dc       __imp__GetVersion@0        004080dc   kernel32:KERNEL32.dll
 0004:000000e0       __imp__ExitProcess@4       004080e0   kernel32:KERNEL32.dll
 0004:000000e4       __imp__TerminateProcess@8  004080e4   kernel32:KERNEL32.dll
 0004:000000e8       __imp__GetCurrentProcess@0 004080e8   kernel32:KERNEL32.dll
 0004:000000ec       __imp__RtlUnwind@16        004080ec   kernel32:KERNEL32.dll
 0004:000000f0       __imp__UnhandledExceptionFilter@4 004080f0   kernel32:KERNEL32.dll
 0004:000000f4       __imp__GetModuleFileNameA@12 004080f4   kernel32:KERNEL32.dll
 0004:000000f8       __imp__FreeEnvironmentStringsA@4 004080f8   kernel32:KERNEL32.dll
 0004:000000fc       __imp__GetEnvironmentStrings@0 004080fc   kernel32:KERNEL32.dll
 0004:00000100       __imp__FreeEnvironmentStringsW@4 00408100   kernel32:KERNEL32.dll
 0004:00000104       __imp__GetEnvironmentStringsW@0 00408104   kernel32:KERNEL32.dll
 0004:00000108       __imp__WideCharToMultiByte@32 00408108   kernel32:KERNEL32.dll
 0004:0000010c       __imp__GetCPInfo@8         0040810c   kernel32:KERNEL32.dll
 0004:00000110       __imp__GetACP@0            00408110   kernel32:KERNEL32.dll
 0004:00000114       __imp__GetOEMCP@0          00408114   kernel32:KERNEL32.dll
 0004:00000118       __imp__SetHandleCount@4    00408118   kernel32:KERNEL32.dll
 0004:0000011c       __imp__GetFileType@4       0040811c   kernel32:KERNEL32.dll
 0004:00000120       __imp__GetStdHandle@4      00408120   kernel32:KERNEL32.dll
 0004:00000124       __imp__GetStartupInfoA@4   00408124   kernel32:KERNEL32.dll
 0004:00000128       __imp__DeleteCriticalSection@4 00408128   kernel32:KERNEL32.dll
 0004:0000012c       __imp__GetCurrentThreadId@0 0040812c   kernel32:KERNEL32.dll
 0004:00000130       __imp__TlsSetValue@8       00408130   kernel32:KERNEL32.dll
 0004:00000134       __imp__GetCommandLineA@0   00408134   kernel32:KERNEL32.dll
 0004:00000138       __imp__SetLastError@4      00408138   kernel32:KERNEL32.dll
 0004:0000013c       __imp__TlsGetValue@4       0040813c   kernel32:KERNEL32.dll
 0004:00000140       __imp__GetLastError@0      00408140   kernel32:KERNEL32.dll
 0004:00000144       __imp__HeapDestroy@4       00408144   kernel32:KERNEL32.dll
 0004:00000148       __imp__HeapCreate@12       00408148   kernel32:KERNEL32.dll
 0004:0000014c       __imp__VirtualFree@12      0040814c   kernel32:KERNEL32.dll
 0004:00000150       __imp__WriteFile@20        00408150   kernel32:KERNEL32.dll
 0004:00000154       __imp__InitializeCriticalSection@4 00408154   kernel32:KERNEL32.dll
 0004:00000158       __imp__EnterCriticalSection@4 00408158   kernel32:KERNEL32.dll
 0004:0000015c       __imp__LeaveCriticalSection@4 0040815c   kernel32:KERNEL32.dll
 0004:00000160       __imp__HeapFree@12         00408160   kernel32:KERNEL32.dll
 0004:00000164       __imp__HeapAlloc@12        00408164   kernel32:KERNEL32.dll
 0004:00000168       __imp__VirtualAlloc@16     00408168   kernel32:KERNEL32.dll
 0004:0000016c       __imp__GetProcAddress@8    0040816c   kernel32:KERNEL32.dll
 0004:00000170       __imp__LoadLibraryA@4      00408170   kernel32:KERNEL32.dll
 0004:00000174       __imp__FlushFileBuffers@4  00408174   kernel32:KERNEL32.dll
 0004:00000178       __imp__CloseHandle@4       00408178   kernel32:KERNEL32.dll
 0004:0000017c       __imp__SetStdHandle@8      0040817c   kernel32:KERNEL32.dll
 0004:00000180       __imp__SetFilePointer@16   00408180   kernel32:KERNEL32.dll
 0004:00000184       \177KERNEL32_NULL_THUNK_DATA 00408184   kernel32:KERNEL32.dll

 entry point at        0001:00000260

 Static symbols

 0001:00002510       _flsall                    00403510 f LIBCMT:fflush.obj
 0001:00000ed0       _getSystemCP               00401ed0 f LIBCMT:mbctype.obj
 0001:00000f20       _CPtoLCID                  00401f20 f LIBCMT:mbctype.obj
 0001:00000f80       _setSBCS                   00401f80 f LIBCMT:mbctype.obj
 0001:00000940       _parse_cmdline             00401940 f LIBCMT:stdargv.obj
 0001:00000780       _xcptlookup                00401780 f LIBCMT:winxfltr.obj
 0001:00000560       __unwind_handler           00401560 f LIBCMT:exsup.obj
 0001:00000440       _doexit                    00401440 f LIBCMT:crt0dat.obj
 0001:00000520       __initterm                 00401520 f LIBCMT:crt0dat.obj

FIXUPS: 140a 20 1a 72 12 c 2f 10 fffffda5 b 8 b f 5 10 19 8 5 5 1c 9 19
FIXUPS: 1373 37 a c29 98 fffffc35 d 14 16 7 b5 77 36 2f 1b 7 14 104 fffffc0b
FIXUPS: 1be3 68 fffffc93 14 10 1c fffffec9 15 2e 10 3c fffffdbf 10 ffffff0f
FIXUPS: 13e6 12 14a9 fffffefe 13 17 a f fffffe56 10 a 18 a 5e 2f 41 2f
FIXUPS: 23cd 18 e3 bd fffffdaa d 11 2f 25 ffffff0b fffffef6 1d 20 62 20
FIXUPS: 227c fffffd51 1555 2e 1d 19 1f 1c fffffdfd 2e 2b 23 ffffff39 21
FIXUPS: 33a4 ffffff0e 1f 13 6d e fffff8a6 c9 67 58 54 fffffb2a e c 3d fffffeaa
FIXUPS: 2849 11 2d e 11aa d 20 d fffffce7 13 b d b 7c f6 b 20 42 b fffffd33
FIXUPS: 36ca 1f c c e fffffef0 9 b 20 b c 1b fffffdf2 1d 4b 44 ffffdc25
FIXUPS: 1132 d a a c c 9 f 2ba5 d 3d fffffe92 b 50 b 41 1d fffffe2a 2b
FIXUPS: 3b2a 20 d 1a 10 ffffff44 ffffff1b 9 b d b 27
